// Jest Snapshot v1, https://goo.gl/fbAQLP

exports[`<Footer /> renders the <Footer /> with populated data 1`] = `
<div
  class="footer__Container-qu6i6-0 jqyjYl"
>
  <p
    class="footer__Title-qu6i6-4 htVotQ"
  >
    Questions? Contact us.
     
  </p>
  <div
    class="footer__Break-qu6i6-6 lblvIr"
  />
  <div
    class="footer__Row-qu6i6-2 cPXjww"
  >
    <div
      class="footer__Column-qu6i6-1 canvup"
    >
      <a
        class="footer__Link-qu6i6-3 krWIOC"
        href="#"
      >
        FAQ
         
      </a>
      <a
        class="footer__Link-qu6i6-3 krWIOC"
        href="#"
      >
        Investor Relations
         
      </a>
      <a
        class="footer__Link-qu6i6-3 krWIOC"
        href="#"
      >
        Ways to Watch
         
      </a>
      <a
        class="footer__Link-qu6i6-3 krWIOC"
        href="#"
      >
        Corporate Information
         
      </a>
      <a
        class="footer__Link-qu6i6-3 krWIOC"
        href="#"
      >
        Netflix Originals
         
      </a>
       
    </div>
    <div
      class="footer__Column-qu6i6-1 canvup"
    >
      <a
        class="footer__Link-qu6i6-3 krWIOC"
        href="#"
      >
        Help Centre
         
      </a>
      <a
        class="footer__Link-qu6i6-3 krWIOC"
        href="#"
      >
        Jobs
         
      </a>
      <a
        class="footer__Link-qu6i6-3 krWIOC"
        href="#"
      >
        Terms of Use
         
      </a>
      <a
        class="footer__Link-qu6i6-3 krWIOC"
        href="#"
      >
        Contact Us
         
      </a>
       
    </div>
    <div
      class="footer__Column-qu6i6-1 canvup"
    >
      <a
        class="footer__Link-qu6i6-3 krWIOC"
        href="#"
      >
        Account
         
      </a>
      <a
        class="footer__Link-qu6i6-3 krWIOC"
        href="#"
      >
        Redeem gift cards
         
      </a>
      <a
        class="footer__Link-qu6i6-3 krWIOC"
        href="#"
      >
        Privacy
         
      </a>
      <a
        class="footer__Link-qu6i6-3 krWIOC"
        href="#"
      >
        Speed Test
         
      </a>
       
    </div>
    <div
      class="footer__Column-qu6i6-1 canvup"
    >
      <a
        class="footer__Link-qu6i6-3 krWIOC"
        href="#"
      >
        Media Centre
         
      </a>
      <a
        class="footer__Link-qu6i6-3 krWIOC"
        href="#"
      >
        Buy gift cards
         
      </a>
      <a
        class="footer__Link-qu6i6-3 krWIOC"
        href="#"
      >
        Cookie Preferences
         
      </a>
      <a
        class="footer__Link-qu6i6-3 krWIOC"
        href="#"
      >
        Legal Notices
         
      </a>
       
    </div>
     
  </div>
  <div
    class="footer__Break-qu6i6-6 lblvIr"
  />
  <p
    class="footer__Text-qu6i6-5 cSwbkh"
  >
    Netflix United Kingdom
     
  </p>
   
</div>
`;
